   Compiling bytemuck v1.25.2
   Compiling strict-num v0.1.1
   Compiling arrayref v0.3.9
   Compiling base64 v0.23.1
   Compiling pico-args v0.5.0
   Compiling xmlwriter v0.1.0
   Compiling ttf-parser v0.25.1 (D:\GitHub\Rust_Projects\ttf-parser-dataforge)
   Compiling tiny-skia-path v0.12.0
    Finished `test` profile [unoptimized + debuginfo] target(s) in 2.70s
     Running tests\fork_robustness.rs (target\debug\deps\fork_robustness-42d20582f6d0aedc.exe)

running 1 test

thread 'rectangle_extremes_are_profile_independent' (12640) panicked at src\lib.rs:355:9:
attempt to subtract with overflow
note: run with `RUST_BACKTRACE=1` environment variable to display a backtrace
test rectangle_extremes_are_profile_independent ... FAILED

failures:

failures:
    rectangle_extremes_are_profile_independent

test result: FAILED. 0 passed; 1 failed; 0 ignored; 0 measured; 1 filtered out; finished in 0.00s

error: test failed, to rerun pass `--test fork_robustness`
